<html>
<body>
<pre>
<h1>µVision Build Log</h1>
<h2>Tool Versions:</h2>
IDE-Version: µVision V5.27.0.0
Copyright (C) 2018 ARM Ltd and ARM Germany GmbH. All rights reserved.
License Information: Dung Nguyen, Vcomsat, LIC=P6FUH-W4R7P-66UQS-LV2J2-1PV1K-SEZBT
 
Tool Versions:
Toolchain:       MDK-ARM Professional  Version: 5.27.0.0
Toolchain Path:  C:\Keil_v5\ARM\ARMCC\Bin
C Compiler:      Armcc.exe V5.06 update 6 (build 750)
Assembler:       Armasm.exe V5.06 update 6 (build 750)
Linker/Locator:  ArmLink.exe V5.06 update 6 (build 750)
Library Manager: ArmAr.exe V5.06 update 6 (build 750)
Hex Converter:   FromElf.exe V5.06 update 6 (build 750)
CPU DLL:         SARMCM3.DLL V5.27.0.0
Dialog DLL:      DCM.DLL V1.17.2.0
Target DLL:      STLink\ST-LINKIII-KEIL_SWO.dll V3.0.5.0
Dialog DLL:      TCM.DLL V1.36.1.0
 
<h2>Project:</h2>
D:\Mydata\Work\charger\charger.uvprojx
Project File Date:  02/18/2019

<h2>Output:</h2>
*** Using Compiler 'V5.06 update 6 (build 750)', folder: 'C:\Keil_v5\ARM\ARMCC\Bin'
Build target 'Target 1'
compiling stm32f10x_it.c...
stm32f10x_it.c(156): warning:  #188-D: enumerated type mixed with another type
  		GPIO_WriteBit(IOD_LED_PORT,IOD_LED,!GPIO_ReadInputDataBit(IOD_LED_PORT,IOD_LED));
stm32f10x_it.c: 1 warning, 0 errors
compiling main.c...
main.c(16): warning:  #951-D: return type of function "main" must be "int"
  void main(void)
main.c(19): warning:  #223-D: function "APP_midd_485_dir" declared implicitly
  	APP_midd_485_dir(IN);
main.c(36): warning:  #223-D: function "memset" declared implicitly
  		memset(printf_buff,0,sizeof(printf_buff));
main.c(37): warning:  #223-D: function "sprintf" declared implicitly
  		sprintf(printf_buff,"ADC1 : %dmV ADC6 : %dmV \r\n",buff[0]*3300/4096,(buff[5]*3300/4096)*2);
main.c: 4 warnings, 0 errors
linking...
Program Size: Code=5176 RO-data=268 RW-data=40 ZI-data=2544  
FromELF: creating hex file...
".\Objects\charger.axf" - 0 Error(s), 5 Warning(s).

<h2>Software Packages used:</h2>

Package Vendor: Keil
                http://www.keil.com/pack/Keil.STM32F1xx_DFP.2.0.0.pack
                Keil.STM32F1xx_DFP.2.0.0
                STMicroelectronics STM32F1 Series Device Support, Drivers and Examples

<h2>Collection of Component include folders:</h2>
  .\RTE\_Target_1
  C:\Keil_v5\ARM\PACK\Keil\STM32F1xx_DFP\2.0.0\Device\Include

<h2>Collection of Component Files used:</h2>
Build Time Elapsed:  00:00:01
</pre>
</body>
</html>
